{"timestamp": "2025-11-10 16:14:21", "service_station": "Station-001", "unit": "Cart-001", "unit_id": "U001", "user_id": "N/A", "user_name": "Unknown", "event": "system_online", "tray_id": null, "tool_id": null, "tool_name": null}
{"timestamp": "2025-11-10 16:14:27", "service_station": "Station-001", "unit": "Cart-001", "unit_id": "U001", "user_id": 3, "user_name": "Mechanic1", "event": "login", "tray_id": null, "tool_id": null, "tool_name": null}
{"timestamp": "2025-11-10 16:14:34", "service_station": "Station-001", "unit": "Cart-001", "unit_id": "U001", "user_id": 3, "user_name": "Mechanic1", "event": "tray_open", "tray_id": "T002", "tool_id": null, "tool_name": null}
{"timestamp": "2025-11-10 16:14:39", "service_station": "Station-001", "unit": "Cart-001", "unit_id": "U001", "user_id": 3, "user_name": "Mechanic1", "event": "tray_close", "tray_id": "T002", "tool_id": null, "tool_name": null}
{"timestamp": "2025-11-10 16:14:39", "service_station": "Station-001", "unit": "Cart-001", "unit_id": "U001", "user_id": 3, "user_name": "Mechanic1", "event": "tool_Issued", "tray_id": "T002", "tool_id": "TL-20251104-J2OM", "tool_name": "Wrench 6mm"}
{"timestamp": "2025-11-10 16:14:39", "service_station": "Station-001", "unit": "Cart-001", "unit_id": "U001", "user_id": 3, "user_name": "Mechanic1", "event": "tool_Issued", "tray_id": "T002", "tool_id": "TL-20251104-X4XN", "tool_name": "Wrench 7mm"}
{"timestamp": "2025-11-10 16:14:39", "service_station": "Station-001", "unit": "Cart-001", "unit_id": "U001", "user_id": 3, "user_name": "Mechanic1", "event": "tool_Issued", "tray_id": "T002", "tool_id": "TL-20251104-SFLJ", "tool_name": "Wrench 8mm"}
{"timestamp": "2025-11-10 16:15:00", "service_station": "Station-001", "unit": "Cart-001", "unit_id": "U001", "user_id": 3, "user_name": "Mechanic1", "event": "auto_logout", "tray_id": null, "tool_id": null, "tool_name": null}
{"timestamp": "2025-11-10 16:15:00", "service_station": "Station-001", "unit": "Cart-001", "unit_id": "U001", "user_id": "N/A", "user_name": "Unknown", "event": "system_offline", "tray_id": null, "tool_id": null, "tool_name": null}
{"timestamp": "2025-11-10 17:50:06", "service_station": "Station-001", "unit": "Cart-001", "unit_id": "U001", "user_id": "N/A", "user_name": "Unknown", "event": "system_online", "tray_id": null, "tool_id": null, "tool_name": null}
{"timestamp": "2025-11-10 17:50:10", "service_station": "Station-001", "unit": "Cart-001", "unit_id": "U001", "user_id": 3, "user_name": "Mechanic1", "event": "login", "tray_id": null, "tool_id": null, "tool_name": null}
{"timestamp": "2025-11-10 17:50:21", "service_station": "Station-001", "unit": "Cart-001", "unit_id": "U001", "user_id": 3, "user_name": "Mechanic1", "event": "tray_open", "tray_id": "T002", "tool_id": null, "tool_name": null}
{"timestamp": "2025-11-10 17:50:26", "service_station": "Station-001", "unit": "Cart-001", "unit_id": "U001", "user_id": 3, "user_name": "Mechanic1", "event": "tray_close", "tray_id": "T002", "tool_id": null, "tool_name": null}
{"timestamp": "2025-11-10 17:50:33", "service_station": "Station-001", "unit": "Cart-001", "unit_id": "U001", "user_id": 3, "user_name": "Mechanic1", "event": "tray_open", "tray_id": "T002", "tool_id": null, "tool_name": null}
{"timestamp": "2025-11-10 17:50:59", "service_station": "Station-001", "unit": "Cart-001", "unit_id": "U001", "user_id": 3, "user_name": "Mechanic1", "event": "tray_close", "tray_id": "T002", "tool_id": null, "tool_name": null}
{"timestamp": "2025-11-10 17:50:59", "service_station": "Station-001", "unit": "Cart-001", "unit_id": "U001", "user_id": 3, "user_name": "Mechanic1", "event": "tool_Returned", "tray_id": "T002", "tool_id": "TL-20251104-J2OM", "tool_name": "Wrench 6mm"}
{"timestamp": "2025-11-10 17:50:59", "service_station": "Station-001", "unit": "Cart-001", "unit_id": "U001", "user_id": 3, "user_name": "Mechanic1", "event": "tool_Returned", "tray_id": "T002", "tool_id": "TL-20251104-X4XN", "tool_name": "Wrench 7mm"}
{"timestamp": "2025-11-10 17:50:59", "service_station": "Station-001", "unit": "Cart-001", "unit_id": "U001", "user_id": 3, "user_name": "Mechanic1", "event": "tool_Returned", "tray_id": "T002", "tool_id": "TL-20251104-SFLJ", "tool_name": "Wrench 8mm"}
{"timestamp": "2025-11-10 17:51:20", "service_station": "Station-001", "unit": "Cart-001", "unit_id": "U001", "user_id": 3, "user_name": "Mechanic1", "event": "auto_logout", "tray_id": null, "tool_id": null, "tool_name": null}
{"timestamp": "2025-11-10 17:51:20", "service_station": "Station-001", "unit": "Cart-001", "unit_id": "U001", "user_id": "N/A", "user_name": "Unknown", "event": "system_offline", "tray_id": null, "tool_id": null, "tool_name": null}
{"timestamp": "2025-11-10 17:52:41", "service_station": "Station-001", "unit": "Cart-001", "unit_id": "U001", "user_id": "N/A", "user_name": "Unknown", "event": "system_online", "tray_id": null, "tool_id": null, "tool_name": null}
{"timestamp": "2025-11-10 17:52:46", "service_station": "Station-001", "unit": "Cart-001", "unit_id": "U001", "user_id": 4, "user_name": "Mechanic2", "event": "login", "tray_id": null, "tool_id": null, "tool_name": null}
{"timestamp": "2025-11-10 17:52:52", "service_station": "Station-001", "unit": "Cart-001", "unit_id": "U001", "user_id": 4, "user_name": "Mechanic2", "event": "tray_open", "tray_id": "T002", "tool_id": null, "tool_name": null}
{"timestamp": "2025-11-10 17:52:56", "service_station": "Station-001", "unit": "Cart-001", "unit_id": "U001", "user_id": 4, "user_name": "Mechanic2", "event": "tray_close", "tray_id": "T002", "tool_id": null, "tool_name": null}
{"timestamp": "2025-11-10 17:52:56", "service_station": "Station-001", "unit": "Cart-001", "unit_id": "U001", "user_id": 4, "user_name": "Mechanic2", "event": "tool_Issued", "tray_id": "T002", "tool_id": "TL-20251104-J2OM", "tool_name": "Wrench 6mm"}
{"timestamp": "2025-11-10 17:52:56", "service_station": "Station-001", "unit": "Cart-001", "unit_id": "U001", "user_id": 4, "user_name": "Mechanic2", "event": "tray_open", "tray_id": "T002", "tool_id": null, "tool_name": null}
{"timestamp": "2025-11-10 17:53:06", "service_station": "Station-001", "unit": "Cart-001", "unit_id": "U001", "user_id": 4, "user_name": "Mechanic2", "event": "tray_close", "tray_id": "T002", "tool_id": null, "tool_name": null}
{"timestamp": "2025-11-10 17:53:06", "service_station": "Station-001", "unit": "Cart-001", "unit_id": "U001", "user_id": 4, "user_name": "Mechanic2", "event": "tool_Issued", "tray_id": "T002", "tool_id": "TL-20251104-JCOX", "tool_name": "PH1 Phillips"}
{"timestamp": "2025-11-10 17:53:06", "service_station": "Station-001", "unit": "Cart-001", "unit_id": "U001", "user_id": 4, "user_name": "Mechanic2", "event": "tool_Returned", "tray_id": "T002", "tool_id": "TL-20251104-J2OM", "tool_name": "Wrench 6mm"}
{"timestamp": "2025-11-10 17:53:11", "service_station": "Station-001", "unit": "Cart-001", "unit_id": "U001", "user_id": 4, "user_name": "Mechanic2", "event": "tray_open", "tray_id": "T002", "tool_id": null, "tool_name": null}
{"timestamp": "2025-11-10 17:53:25", "service_station": "Station-001", "unit": "Cart-001", "unit_id": "U001", "user_id": 4, "user_name": "Mechanic2", "event": "tray_close", "tray_id": "T002", "tool_id": null, "tool_name": null}
{"timestamp": "2025-11-10 17:53:45", "service_station": "Station-001", "unit": "Cart-001", "unit_id": "U001", "user_id": 4, "user_name": "Mechanic2", "event": "auto_logout", "tray_id": null, "tool_id": null, "tool_name": null}
{"timestamp": "2025-11-10 17:53:45", "service_station": "Station-001", "unit": "Cart-001", "unit_id": "U001", "user_id": "N/A", "user_name": "Unknown", "event": "system_offline", "tray_id": null, "tool_id": null, "tool_name": null}
{"timestamp": "2025-11-10 17:53:53", "service_station": "Station-001", "unit": "Cart-001", "unit_id": "U001", "user_id": "N/A", "user_name": "Unknown", "event": "system_online", "tray_id": null, "tool_id": null, "tool_name": null}
{"timestamp": "2025-11-10 17:54:00", "service_station": "Station-001", "unit": "Cart-001", "unit_id": "U001", "user_id": 3, "user_name": "Mechanic1", "event": "login", "tray_id": null, "tool_id": null, "tool_name": null}
{"timestamp": "2025-11-10 17:54:02", "service_station": "Station-001", "unit": "Cart-001", "unit_id": "U001", "user_id": 3, "user_name": "Mechanic1", "event": "tray_open", "tray_id": "T002", "tool_id": null, "tool_name": null}
{"timestamp": "2025-11-10 17:54:50", "service_station": "Station-001", "unit": "Cart-001", "unit_id": "U001", "user_id": 3, "user_name": "Mechanic1", "event": "tray_close", "tray_id": "T002", "tool_id": null, "tool_name": null}
{"timestamp": "2025-11-10 17:55:11", "service_station": "Station-001", "unit": "Cart-001", "unit_id": "U001", "user_id": 3, "user_name": "Mechanic1", "event": "auto_logout", "tray_id": null, "tool_id": null, "tool_name": null}
{"timestamp": "2025-11-10 17:55:11", "service_station": "Station-001", "unit": "Cart-001", "unit_id": "U001", "user_id": "N/A", "user_name": "Unknown", "event": "system_offline", "tray_id": null, "tool_id": null, "tool_name": null}
{"timestamp": "2025-11-11 14:35:12", "service_station": "Station-001", "unit": "Cart-001", "unit_id": "U001", "user_id": "N/A", "user_name": "Unknown", "event": "system_online", "tray_id": null, "tool_id": null, "tool_name": null}
{"timestamp": "2025-11-11 14:35:37", "service_station": "Station-001", "unit": "Cart-001", "unit_id": "U001", "user_id": 3, "user_name": "Mechanic1", "event": "login", "tray_id": null, "tool_id": null, "tool_name": null}
